1
2
Fizz
4
Buzz
Fizz
Whizz
8
Fizz
Buzz
11
Fizz
13
Whizz
FizzBuzz
